main: Query.hs:(216,1)-(239,83): Non-exhaustive patterns in function eval

